// Jest Snapshot v1, https://goo.gl/fbAQLP

exports[`renders correctly for default (existing patient) 1`] = `
<View
  style={
    Object {
      "backgroundColor": "#F5FCFF",
      "flex": 1,
    }
  }
>
  <RCTScrollView
    contentContainerStyle={
      Object {
        "alignItems": "center",
        "flex": 0,
        "justifyContent": "center",
        "padding": 20,
      }
    }
  >
    <View>
      <Text
        accessible={true}
        allowFontScaling={true}
        ellipsizeMode="tail"
        style={
          Object {
            "fontSize": 20,
            "margin": 10,
            "textAlign": "center",
          }
        }
      >
        Signin
      </Text>
      <View
        style={
          Object {
            "width": "80%",
          }
        }
      >
        <View
          style={Object {}}
        >
          <View
            style={
              Object {
                "marginBottom": 10,
              }
            }
          >
            <Text
              accessible={true}
              allowFontScaling={true}
              ellipsizeMode="tail"
              style={
                Object {
                  "color": "#000000",
                  "fontSize": 17,
                  "fontWeight": "500",
                  "marginBottom": 7,
                }
              }
            >
              First name
            </Text>
            <View
              style={Object {}}
            >
              <TextInput
                accessibilityLabel="First name"
                allowFontScaling={true}
                autoCapitalize={undefined}
                autoCorrect={undefined}
                autoFocus={undefined}
                blurOnSubmit={undefined}
                clearButtonMode={undefined}
                clearTextOnFocus={undefined}
                editable={undefined}
                enablesReturnKeyAutomatically={undefined}
                keyboardAppearance={undefined}
                keyboardType={undefined}
                maxLength={undefined}
                multiline={undefined}
                numberOfLines={undefined}
                onBlur={undefined}
                onChange={undefined}
                onChangeText={[Function]}
                onContentSizeChange={undefined}
                onEndEditing={undefined}
                onFocus={undefined}
                onKeyPress={undefined}
                onLayout={undefined}
                onSelectionChange={undefined}
                onSubmitEditing={undefined}
                placeholder={undefined}
                placeholderTextColor={undefined}
                returnKeyType={undefined}
                secureTextEntry={undefined}
                selectTextOnFocus={undefined}
                selectionColor={undefined}
                selectionState={undefined}
                style={
                  Object {
                    "borderColor": "#cccccc",
                    "borderRadius": 4,
                    "borderWidth": 1,
                    "color": "#000000",
                    "fontSize": 17,
                    "height": 36,
                    "marginBottom": 5,
                    "paddingHorizontal": 7,
                    "paddingVertical": 7,
                  }
                }
                underlineColorAndroid="transparent"
                value=""
              />
            </View>
          </View>
          <View
            style={
              Object {
                "marginBottom": 10,
              }
            }
          >
            <Text
              accessible={true}
              allowFontScaling={true}
              ellipsizeMode="tail"
              style={
                Object {
                  "color": "#000000",
                  "fontSize": 17,
                  "fontWeight": "500",
                  "marginBottom": 7,
                }
              }
            >
              Father's last name
            </Text>
            <View
              style={Object {}}
            >
              <TextInput
                accessibilityLabel="Father's last name"
                allowFontScaling={true}
                autoCapitalize={undefined}
                autoCorrect={undefined}
                autoFocus={undefined}
                blurOnSubmit={undefined}
                clearButtonMode={undefined}
                clearTextOnFocus={undefined}
                editable={undefined}
                enablesReturnKeyAutomatically={undefined}
                keyboardAppearance={undefined}
                keyboardType={undefined}
                maxLength={undefined}
                multiline={undefined}
                numberOfLines={undefined}
                onBlur={undefined}
                onChange={undefined}
                onChangeText={[Function]}
                onContentSizeChange={undefined}
                onEndEditing={undefined}
                onFocus={undefined}
                onKeyPress={undefined}
                onLayout={undefined}
                onSelectionChange={undefined}
                onSubmitEditing={undefined}
                placeholder={undefined}
                placeholderTextColor={undefined}
                returnKeyType={undefined}
                secureTextEntry={undefined}
                selectTextOnFocus={undefined}
                selectionColor={undefined}
                selectionState={undefined}
                style={
                  Object {
                    "borderColor": "#cccccc",
                    "borderRadius": 4,
                    "borderWidth": 1,
                    "color": "#000000",
                    "fontSize": 17,
                    "height": 36,
                    "marginBottom": 5,
                    "paddingHorizontal": 7,
                    "paddingVertical": 7,
                  }
                }
                underlineColorAndroid="transparent"
                value=""
              />
            </View>
          </View>
          <View
            style={
              Object {
                "marginBottom": 10,
              }
            }
          >
            <Text
              accessible={true}
              allowFontScaling={true}
              ellipsizeMode="tail"
              style={
                Object {
                  "color": "#000000",
                  "fontSize": 17,
                  "fontWeight": "500",
                  "marginBottom": 7,
                }
              }
            >
              Mother's last name
            </Text>
            <View
              style={Object {}}
            >
              <TextInput
                accessibilityLabel="Mother's last name"
                allowFontScaling={true}
                autoCapitalize={undefined}
                autoCorrect={undefined}
                autoFocus={undefined}
                blurOnSubmit={undefined}
                clearButtonMode={undefined}
                clearTextOnFocus={undefined}
                editable={undefined}
                enablesReturnKeyAutomatically={undefined}
                keyboardAppearance={undefined}
                keyboardType={undefined}
                maxLength={undefined}
                multiline={undefined}
                numberOfLines={undefined}
                onBlur={undefined}
                onChange={undefined}
                onChangeText={[Function]}
                onContentSizeChange={undefined}
                onEndEditing={undefined}
                onFocus={undefined}
                onKeyPress={undefined}
                onLayout={undefined}
                onSelectionChange={undefined}
                onSubmitEditing={undefined}
                placeholder={undefined}
                placeholderTextColor={undefined}
                returnKeyType={undefined}
                secureTextEntry={undefined}
                selectTextOnFocus={undefined}
                selectionColor={undefined}
                selectionState={undefined}
                style={
                  Object {
                    "borderColor": "#cccccc",
                    "borderRadius": 4,
                    "borderWidth": 1,
                    "color": "#000000",
                    "fontSize": 17,
                    "height": 36,
                    "marginBottom": 5,
                    "paddingHorizontal": 7,
                    "paddingVertical": 7,
                  }
                }
                underlineColorAndroid="transparent"
                value=""
              />
            </View>
          </View>
          <View
            style={
              Object {
                "marginBottom": 10,
              }
            }
          >
            <Text
              accessible={true}
              allowFontScaling={true}
              ellipsizeMode="tail"
              style={
                Object {
                  "color": "#000000",
                  "fontSize": 17,
                  "fontWeight": "500",
                  "marginBottom": 7,
                }
              }
            >
              Birthday
            </Text>
            <View>
              <View
                accessibilityComponentType={undefined}
                accessibilityLabel={undefined}
                accessibilityTraits={undefined}
                accessible={true}
                collapsable={undefined}
                hasTVPreferredFocus={undefined}
                hitSlop={undefined}
                isTVSelectable={true}
                nativeID={undefined}
                onLayout={undefined}
                onResponderGrant={[Function]}
                onResponderMove={[Function]}
                onResponderRelease={[Function]}
                onResponderTerminate={[Function]}
                onResponderTerminationRequest={[Function]}
                onStartShouldSetResponder={[Function]}
                style={
                  Object {
                    "opacity": 1,
                  }
                }
                testID={undefined}
                tvParallaxProperties={undefined}
              >
                <Text
                  accessible={true}
                  allowFontScaling={true}
                  ellipsizeMode="tail"
                  style={
                    Object {
                      "color": "#000000",
                      "fontSize": 17,
                      "marginBottom": 5,
                      "padding": 7,
                    }
                  }
                >
                  31 December 1969
                </Text>
              </View>
              <View
                collapsable={undefined}
                style={
                  Object {
                    "height": 0,
                    "overflow": "hidden",
                  }
                }
              >
                <View
                  style={
                    Array [
                      Object {
                        "marginBottom": 4,
                      },
                      Object {
                        "height": 0,
                      },
                    ]
                  }
                >
                  <RCTDatePicker
                    date={100}
                    locale={undefined}
                    maximumDate={undefined}
                    minimumDate={undefined}
                    minuteInterval={undefined}
                    mode="date"
                    onChange={[Function]}
                    onResponderTerminationRequest={[Function]}
                    onStartShouldSetResponder={[Function]}
                    style={
                      Object {
                        "height": 216,
                      }
                    }
                    timeZoneOffsetInMinutes={undefined}
                  />
                </View>
              </View>
            </View>
          </View>
          <View
            style={
              Object {
                "marginBottom": 10,
              }
            }
          >
            <Text
              accessible={true}
              allowFontScaling={true}
              ellipsizeMode="tail"
              style={
                Object {
                  "color": "#000000",
                  "fontSize": 17,
                  "fontWeight": "500",
                  "marginBottom": 7,
                }
              }
            >
              New patient?
            </Text>
            <RCTSwitch
              accessibilityLabel="New patient?"
              disabled={false}
              onChange={[Function]}
              onResponderTerminationRequest={[Function]}
              onStartShouldSetResponder={[Function]}
              onTintColor={undefined}
              onValueChange={[Function]}
              style={
                Array [
                  Object {
                    "height": 31,
                    "width": 51,
                  },
                  Object {
                    "marginBottom": 4,
                  },
                ]
              }
              thumbTintColor={undefined}
              tintColor={undefined}
              value={false}
            />
          </View>
        </View>
        <View
          accessibilityComponentType={undefined}
          accessibilityLabel={undefined}
          accessibilityTraits={undefined}
          accessible={true}
          collapsable={undefined}
          hasTVPreferredFocus={undefined}
          hitSlop={undefined}
          isTVSelectable={true}
          nativeID={undefined}
          onLayout={undefined}
          onResponderGrant={[Function]}
          onResponderMove={[Function]}
          onResponderRelease={[Function]}
          onResponderTerminate={[Function]}
          onResponderTerminationRequest={[Function]}
          onStartShouldSetResponder={[Function]}
          style={
            Object {
              "alignItems": "center",
              "backgroundColor": "#2196F3",
              "borderRadius": 2,
              "elevation": 4,
              "height": 40,
              "justifyContent": "center",
              "margin": 4,
              "opacity": 1,
              "padding": 8,
              "width": "100%",
            }
          }
          testID={undefined}
          tvParallaxProperties={undefined}
        >
          <Text
            accessible={true}
            allowFontScaling={true}
            ellipsizeMode="tail"
            style={
              Array [
                Object {
                  "color": "#fefefe",
                  "fontWeight": "500",
                  "textAlign": "center",
                },
                undefined,
              ]
            }
          >
            Submit
          </Text>
        </View>
      </View>
    </View>
  </RCTScrollView>
  <View
    style={
      Object {
        "alignItems": "center",
        "backgroundColor": "#F5FCFF",
        "justifyContent": "center",
      }
    }
  >
    <Text
      accessible={true}
      allowFontScaling={true}
      ellipsizeMode="tail"
      style={
        Object {
          "color": "red",
          "textAlign": "center",
        }
      }
    />
    <Text
      accessible={true}
      allowFontScaling={true}
      ellipsizeMode="tail"
      style={
        Object {
          "color": "green",
          "textAlign": "center",
        }
      }
    />
  </View>
</View>
`;

exports[`renders correctly for new patient 1`] = `
ShallowWrapper {
  "length": 1,
  Symbol(enzyme.__root__): [Circular],
  Symbol(enzyme.__unrendered__): <Provider
    store={
      Object {
        "dispatch": [Function],
        "getState": [Function],
        "replaceReducer": [Function],
        "subscribe": [Function],
        Symbol(observable): [Function],
      }
    }
  >
    <Connect(SigninScreen) />
  </Provider>,
  Symbol(enzyme.__renderer__): Object {
    "batchedUpdates": [Function],
    "getNode": [Function],
    "render": [Function],
    "simulateEvent": [Function],
    "unmount": [Function],
  },
  Symbol(enzyme.__node__): Object {
    "instance": null,
    "key": undefined,
    "nodeType": "class",
    "props": Object {},
    "ref": null,
    "rendered": null,
    "type": [Function],
  },
  Symbol(enzyme.__nodes__): Array [
    Object {
      "instance": null,
      "key": undefined,
      "nodeType": "class",
      "props": Object {},
      "ref": null,
      "rendered": null,
      "type": [Function],
    },
  ],
  Symbol(enzyme.__options__): Object {
    "adapter": ReactSixteenAdapter {
      "options": Object {
        "enableComponentDidUpdateOnSetState": true,
      },
    },
  },
}
`;

exports[`renders correctly for new patient 2`] = `
ShallowWrapper {
  "length": 1,
  Symbol(enzyme.__root__): [Circular],
  Symbol(enzyme.__unrendered__): <Provider
    store={
      Object {
        "dispatch": [Function],
        "getState": [Function],
        "replaceReducer": [Function],
        "subscribe": [Function],
        Symbol(observable): [Function],
      }
    }
  >
    <Connect(SigninScreen) />
  </Provider>,
  Symbol(enzyme.__renderer__): Object {
    "batchedUpdates": [Function],
    "getNode": [Function],
    "render": [Function],
    "simulateEvent": [Function],
    "unmount": [Function],
  },
  Symbol(enzyme.__node__): Object {
    "instance": null,
    "key": undefined,
    "nodeType": "class",
    "props": Object {},
    "ref": null,
    "rendered": null,
    "type": [Function],
  },
  Symbol(enzyme.__nodes__): Array [
    Object {
      "instance": null,
      "key": undefined,
      "nodeType": "class",
      "props": Object {},
      "ref": null,
      "rendered": null,
      "type": [Function],
    },
  ],
  Symbol(enzyme.__options__): Object {
    "adapter": ReactSixteenAdapter {
      "options": Object {
        "enableComponentDidUpdateOnSetState": true,
      },
    },
  },
}
`;
